--- Iteration 1 of 5 ---
[2026-06-08 05:04:10] Starting iteration 1
warning: profiles for the non root package will be ignored, specify profiles at the workspace root:
package:   /home/kmerrill/zk-barcodes/sp1-pdf417/vendor/rxing/Cargo.toml
workspace: /home/kmerrill/zk-barcodes/sp1-pdf417/Cargo.toml
warning: value assigned to `rs` is never read
   --> vendor/rxing/src/common/cpp_essentials/pattern.rs:695:9
    |
695 |         rs[*mi as usize] -= err as f32;
    |         ^^^^^^^^^^^^^^^^^^^^^^^^^^^^^^
    |
    = help: maybe it is overwritten before being read?
    = note: `#[warn(unused_assignments)]` (part of `#[warn(unused)]`) on by default

warning: hiding a lifetime that's elided elsewhere is confusing
   --> vendor/rxing/src/oned/cpp/one_d_reader.rs:450:23
    |
450 |     pub fn new(hints: &DecodeHints) -> ODReader {
    |                       ^^^^^^^^^^^^     ^^^^^^^^ the same lifetime is hidden here
    |                       |
    |                       the lifetime is elided here
    |
    = help: the same lifetime is referred to in inconsistent ways, making the signature confusing
    = note: `#[warn(mismatched_lifetime_syntaxes)]` on by default
help: use `'_` for type paths
    |
450 |     pub fn new(hints: &DecodeHints) -> ODReader<'_> {
    |                                                ++++

warning: `rxing` (lib) generated 2 warnings (run `cargo fix --lib -p rxing` to apply 1 suggestion)
warning: pdf417-script@0.1.0: rustc +succinct --version: "rustc 1.93.0-dev\n"
warning: pdf417-script@0.1.0: pdf417-program built at 2026-04-20 02:00:15
    Finished `release` profile [optimized] target(s) in 0.47s
     Running `/home/kmerrill/zk-barcodes/sp1-pdf417/target/release/pdf417 --prove --image /home/kmerrill/zk-barcodes/sp1-pdf417/../test-witness/barcode_r21_c13_e1_384x288.png`
[2m2026-06-08T05:04:11.231221Z[0m [32m INFO[0m initializing cpu prover
[2m2026-06-08T05:04:27.067872Z[0m [32m INFO[0m starting proof generation [3mmode[0m[2m=[0mCore
stderr: WARNING: Using insecure random number generator.
[2m2026-06-08T05:08:13.124071Z[0m [32m INFO[0m [1mprove[0m: close [3mtime.busy[0m[2m=[0m7.12ms [3mtime.idle[0m[2m=[0m226s [2m[3mmode[0m[2m=[0mCore[0m
Successfully generated proof!
Successfully verified proof!
Proven barcode text: PDF417 barcode data: Block0000 Block0001 Block0002 Block0003 Block0004 Block0005 Block0006 Block0007 Block0008 Block0009 Block0010 Block0011 Block0012 Block0013 Block0014 Block0015 Block0016 Block0017 Block0018 Block0019 Block0020 Block0021 Block0022 Block0023 Block0024 Block0025 Block0026 Block0027 Block0028 Block0029 Block0030 Block0031 Block0032 Block0033 Block0034 Block0035 Block0036 Block0037 Block0038 B
	Command being timed: "cargo run --release -- --prove --image /home/kmerrill/zk-barcodes/sp1-pdf417/../test-witness/barcode_r21_c13_e1_384x288.png"
	User time (seconds): 10343.32
	System time (seconds): 1070.61
	Percent of CPU this job got: 4612%
	Elapsed (wall clock) time (h:mm:ss or m:ss): 4:07.46
	Average shared text size (kbytes): 0
	Average unshared data size (kbytes): 0
	Average stack size (kbytes): 0
	Average total size (kbytes): 0
	Maximum resident set size (kbytes): 106178916
	Average resident set size (kbytes): 0
	Major (requiring I/O) page faults: 0
	Minor (reclaiming a frame) page faults: 126122209
	Voluntary context switches: 4801017
	Involuntary context switches: 3360106
	Swaps: 0
	File system inputs: 0
	File system outputs: 21200
	Socket messages sent: 0
	Socket messages received: 0
	Signals delivered: 0
	Page size (bytes): 4096
	Exit status: 0
[2026-06-08 05:08:18] Iteration 1 complete | proof.bin size: 10624099 bytes
--- Iteration 2 of 5 ---
[2026-06-08 05:08:18] Starting iteration 2
warning: profiles for the non root package will be ignored, specify profiles at the workspace root:
package:   /home/kmerrill/zk-barcodes/sp1-pdf417/vendor/rxing/Cargo.toml
workspace: /home/kmerrill/zk-barcodes/sp1-pdf417/Cargo.toml
warning: value assigned to `rs` is never read
   --> vendor/rxing/src/common/cpp_essentials/pattern.rs:695:9
    |
695 |         rs[*mi as usize] -= err as f32;
    |         ^^^^^^^^^^^^^^^^^^^^^^^^^^^^^^
    |
    = help: maybe it is overwritten before being read?
    = note: `#[warn(unused_assignments)]` (part of `#[warn(unused)]`) on by default

warning: hiding a lifetime that's elided elsewhere is confusing
   --> vendor/rxing/src/oned/cpp/one_d_reader.rs:450:23
    |
450 |     pub fn new(hints: &DecodeHints) -> ODReader {
    |                       ^^^^^^^^^^^^     ^^^^^^^^ the same lifetime is hidden here
    |                       |
    |                       the lifetime is elided here
    |
    = help: the same lifetime is referred to in inconsistent ways, making the signature confusing
    = note: `#[warn(mismatched_lifetime_syntaxes)]` on by default
help: use `'_` for type paths
    |
450 |     pub fn new(hints: &DecodeHints) -> ODReader<'_> {
    |                                                ++++

warning: `rxing` (lib) generated 2 warnings (run `cargo fix --lib -p rxing` to apply 1 suggestion)
warning: pdf417-script@0.1.0: rustc +succinct --version: "rustc 1.93.0-dev\n"
warning: pdf417-script@0.1.0: pdf417-program built at 2026-04-20 02:00:15
    Finished `release` profile [optimized] target(s) in 0.32s
     Running `/home/kmerrill/zk-barcodes/sp1-pdf417/target/release/pdf417 --prove --image /home/kmerrill/zk-barcodes/sp1-pdf417/../test-witness/barcode_r21_c13_e1_384x288.png`
[2m2026-06-08T05:08:18.564166Z[0m [32m INFO[0m initializing cpu prover
[2m2026-06-08T05:08:34.299469Z[0m [32m INFO[0m starting proof generation [3mmode[0m[2m=[0mCore
stderr: WARNING: Using insecure random number generator.
[2m2026-06-08T05:12:27.029474Z[0m [32m INFO[0m [1mprove[0m: close [3mtime.busy[0m[2m=[0m10.2ms [3mtime.idle[0m[2m=[0m233s [2m[3mmode[0m[2m=[0mCore[0m
Successfully generated proof!
Successfully verified proof!
Proven barcode text: PDF417 barcode data: Block0000 Block0001 Block0002 Block0003 Block0004 Block0005 Block0006 Block0007 Block0008 Block0009 Block0010 Block0011 Block0012 Block0013 Block0014 Block0015 Block0016 Block0017 Block0018 Block0019 Block0020 Block0021 Block0022 Block0023 Block0024 Block0025 Block0026 Block0027 Block0028 Block0029 Block0030 Block0031 Block0032 Block0033 Block0034 Block0035 Block0036 Block0037 Block0038 B
	Command being timed: "cargo run --release -- --prove --image /home/kmerrill/zk-barcodes/sp1-pdf417/../test-witness/barcode_r21_c13_e1_384x288.png"
	User time (seconds): 10266.16
	System time (seconds): 1042.53
	Percent of CPU this job got: 4448%
	Elapsed (wall clock) time (h:mm:ss or m:ss): 4:14.23
	Average shared text size (kbytes): 0
	Average unshared data size (kbytes): 0
	Average stack size (kbytes): 0
	Average total size (kbytes): 0
	Maximum resident set size (kbytes): 110195656
	Average resident set size (kbytes): 0
	Major (requiring I/O) page faults: 0
	Minor (reclaiming a frame) page faults: 121027482
	Voluntary context switches: 4590393
	Involuntary context switches: 2622146
	Swaps: 0
	File system inputs: 0
	File system outputs: 20808
	Socket messages sent: 0
	Socket messages received: 0
	Signals delivered: 0
	Page size (bytes): 4096
	Exit status: 0
[2026-06-08 05:12:32] Iteration 2 complete | proof.bin size: 10624099 bytes
--- Iteration 3 of 5 ---
[2026-06-08 05:12:32] Starting iteration 3
warning: profiles for the non root package will be ignored, specify profiles at the workspace root:
package:   /home/kmerrill/zk-barcodes/sp1-pdf417/vendor/rxing/Cargo.toml
workspace: /home/kmerrill/zk-barcodes/sp1-pdf417/Cargo.toml
warning: value assigned to `rs` is never read
   --> vendor/rxing/src/common/cpp_essentials/pattern.rs:695:9
    |
695 |         rs[*mi as usize] -= err as f32;
    |         ^^^^^^^^^^^^^^^^^^^^^^^^^^^^^^
    |
    = help: maybe it is overwritten before being read?
    = note: `#[warn(unused_assignments)]` (part of `#[warn(unused)]`) on by default

warning: hiding a lifetime that's elided elsewhere is confusing
   --> vendor/rxing/src/oned/cpp/one_d_reader.rs:450:23
    |
450 |     pub fn new(hints: &DecodeHints) -> ODReader {
    |                       ^^^^^^^^^^^^     ^^^^^^^^ the same lifetime is hidden here
    |                       |
    |                       the lifetime is elided here
    |
    = help: the same lifetime is referred to in inconsistent ways, making the signature confusing
    = note: `#[warn(mismatched_lifetime_syntaxes)]` on by default
help: use `'_` for type paths
    |
450 |     pub fn new(hints: &DecodeHints) -> ODReader<'_> {
    |                                                ++++

warning: `rxing` (lib) generated 2 warnings (run `cargo fix --lib -p rxing` to apply 1 suggestion)
warning: pdf417-script@0.1.0: rustc +succinct --version: "rustc 1.93.0-dev\n"
warning: pdf417-script@0.1.0: pdf417-program built at 2026-04-20 02:00:15
    Finished `release` profile [optimized] target(s) in 0.50s
     Running `/home/kmerrill/zk-barcodes/sp1-pdf417/target/release/pdf417 --prove --image /home/kmerrill/zk-barcodes/sp1-pdf417/../test-witness/barcode_r21_c13_e1_384x288.png`
[2m2026-06-08T05:12:33.006420Z[0m [32m INFO[0m initializing cpu prover
[2m2026-06-08T05:12:48.808791Z[0m [32m INFO[0m starting proof generation [3mmode[0m[2m=[0mCore
stderr: WARNING: Using insecure random number generator.
[2m2026-06-08T05:16:36.945538Z[0m [32m INFO[0m [1mprove[0m: close [3mtime.busy[0m[2m=[0m8.51ms [3mtime.idle[0m[2m=[0m228s [2m[3mmode[0m[2m=[0mCore[0m
Successfully generated proof!
Successfully verified proof!
Proven barcode text: PDF417 barcode data: Block0000 Block0001 Block0002 Block0003 Block0004 Block0005 Block0006 Block0007 Block0008 Block0009 Block0010 Block0011 Block0012 Block0013 Block0014 Block0015 Block0016 Block0017 Block0018 Block0019 Block0020 Block0021 Block0022 Block0023 Block0024 Block0025 Block0026 Block0027 Block0028 Block0029 Block0030 Block0031 Block0032 Block0033 Block0034 Block0035 Block0036 Block0037 Block0038 B
	Command being timed: "cargo run --release -- --prove --image /home/kmerrill/zk-barcodes/sp1-pdf417/../test-witness/barcode_r21_c13_e1_384x288.png"
	User time (seconds): 10448.35
	System time (seconds): 1070.98
	Percent of CPU this job got: 4613%
	Elapsed (wall clock) time (h:mm:ss or m:ss): 4:09.69
	Average shared text size (kbytes): 0
	Average unshared data size (kbytes): 0
	Average stack size (kbytes): 0
	Average total size (kbytes): 0
	Maximum resident set size (kbytes): 100398752
	Average resident set size (kbytes): 0
	Major (requiring I/O) page faults: 0
	Minor (reclaiming a frame) page faults: 123278095
	Voluntary context switches: 4941573
	Involuntary context switches: 3429223
	Swaps: 0
	File system inputs: 0
	File system outputs: 21200
	Socket messages sent: 0
	Socket messages received: 0
	Signals delivered: 0
	Page size (bytes): 4096
	Exit status: 0
[2026-06-08 05:16:42] Iteration 3 complete | proof.bin size: 10624099 bytes
--- Iteration 4 of 5 ---
[2026-06-08 05:16:42] Starting iteration 4
warning: profiles for the non root package will be ignored, specify profiles at the workspace root:
package:   /home/kmerrill/zk-barcodes/sp1-pdf417/vendor/rxing/Cargo.toml
workspace: /home/kmerrill/zk-barcodes/sp1-pdf417/Cargo.toml
warning: value assigned to `rs` is never read
   --> vendor/rxing/src/common/cpp_essentials/pattern.rs:695:9
    |
695 |         rs[*mi as usize] -= err as f32;
    |         ^^^^^^^^^^^^^^^^^^^^^^^^^^^^^^
    |
    = help: maybe it is overwritten before being read?
    = note: `#[warn(unused_assignments)]` (part of `#[warn(unused)]`) on by default

warning: hiding a lifetime that's elided elsewhere is confusing
   --> vendor/rxing/src/oned/cpp/one_d_reader.rs:450:23
    |
450 |     pub fn new(hints: &DecodeHints) -> ODReader {
    |                       ^^^^^^^^^^^^     ^^^^^^^^ the same lifetime is hidden here
    |                       |
    |                       the lifetime is elided here
    |
    = help: the same lifetime is referred to in inconsistent ways, making the signature confusing
    = note: `#[warn(mismatched_lifetime_syntaxes)]` on by default
help: use `'_` for type paths
    |
450 |     pub fn new(hints: &DecodeHints) -> ODReader<'_> {
    |                                                ++++

warning: `rxing` (lib) generated 2 warnings (run `cargo fix --lib -p rxing` to apply 1 suggestion)
warning: pdf417-script@0.1.0: rustc +succinct --version: "rustc 1.93.0-dev\n"
warning: pdf417-script@0.1.0: pdf417-program built at 2026-04-20 02:00:15
    Finished `release` profile [optimized] target(s) in 0.32s
     Running `/home/kmerrill/zk-barcodes/sp1-pdf417/target/release/pdf417 --prove --image /home/kmerrill/zk-barcodes/sp1-pdf417/../test-witness/barcode_r21_c13_e1_384x288.png`
[2m2026-06-08T05:16:42.553769Z[0m [32m INFO[0m initializing cpu prover
[2m2026-06-08T05:16:58.367913Z[0m [32m INFO[0m starting proof generation [3mmode[0m[2m=[0mCore
stderr: WARNING: Using insecure random number generator.
[2m2026-06-08T05:20:43.860362Z[0m [32m INFO[0m [1mprove[0m: close [3mtime.busy[0m[2m=[0m6.26ms [3mtime.idle[0m[2m=[0m225s [2m[3mmode[0m[2m=[0mCore[0m
Successfully generated proof!
Successfully verified proof!
Proven barcode text: PDF417 barcode data: Block0000 Block0001 Block0002 Block0003 Block0004 Block0005 Block0006 Block0007 Block0008 Block0009 Block0010 Block0011 Block0012 Block0013 Block0014 Block0015 Block0016 Block0017 Block0018 Block0019 Block0020 Block0021 Block0022 Block0023 Block0024 Block0025 Block0026 Block0027 Block0028 Block0029 Block0030 Block0031 Block0032 Block0033 Block0034 Block0035 Block0036 Block0037 Block0038 B
	Command being timed: "cargo run --release -- --prove --image /home/kmerrill/zk-barcodes/sp1-pdf417/../test-witness/barcode_r21_c13_e1_384x288.png"
	User time (seconds): 10338.49
	System time (seconds): 1059.00
	Percent of CPU this job got: 4615%
	Elapsed (wall clock) time (h:mm:ss or m:ss): 4:06.92
	Average shared text size (kbytes): 0
	Average unshared data size (kbytes): 0
	Average stack size (kbytes): 0
	Average total size (kbytes): 0
	Maximum resident set size (kbytes): 106923328
	Average resident set size (kbytes): 0
	Major (requiring I/O) page faults: 0
	Minor (reclaiming a frame) page faults: 119619554
	Voluntary context switches: 4647134
	Involuntary context switches: 3145606
	Swaps: 0
	File system inputs: 0
	File system outputs: 20808
	Socket messages sent: 0
	Socket messages received: 0
	Signals delivered: 0
	Page size (bytes): 4096
	Exit status: 0
[2026-06-08 05:20:49] Iteration 4 complete | proof.bin size: 10624099 bytes
--- Iteration 5 of 5 ---
[2026-06-08 05:20:49] Starting iteration 5
warning: profiles for the non root package will be ignored, specify profiles at the workspace root:
package:   /home/kmerrill/zk-barcodes/sp1-pdf417/vendor/rxing/Cargo.toml
workspace: /home/kmerrill/zk-barcodes/sp1-pdf417/Cargo.toml
warning: value assigned to `rs` is never read
   --> vendor/rxing/src/common/cpp_essentials/pattern.rs:695:9
    |
695 |         rs[*mi as usize] -= err as f32;
    |         ^^^^^^^^^^^^^^^^^^^^^^^^^^^^^^
    |
    = help: maybe it is overwritten before being read?
    = note: `#[warn(unused_assignments)]` (part of `#[warn(unused)]`) on by default

warning: hiding a lifetime that's elided elsewhere is confusing
   --> vendor/rxing/src/oned/cpp/one_d_reader.rs:450:23
    |
450 |     pub fn new(hints: &DecodeHints) -> ODReader {
    |                       ^^^^^^^^^^^^     ^^^^^^^^ the same lifetime is hidden here
    |                       |
    |                       the lifetime is elided here
    |
    = help: the same lifetime is referred to in inconsistent ways, making the signature confusing
    = note: `#[warn(mismatched_lifetime_syntaxes)]` on by default
help: use `'_` for type paths
    |
450 |     pub fn new(hints: &DecodeHints) -> ODReader<'_> {
    |                                                ++++

warning: `rxing` (lib) generated 2 warnings (run `cargo fix --lib -p rxing` to apply 1 suggestion)
warning: pdf417-script@0.1.0: rustc +succinct --version: "rustc 1.93.0-dev\n"
warning: pdf417-script@0.1.0: pdf417-program built at 2026-04-20 02:00:15
    Finished `release` profile [optimized] target(s) in 0.47s
     Running `/home/kmerrill/zk-barcodes/sp1-pdf417/target/release/pdf417 --prove --image /home/kmerrill/zk-barcodes/sp1-pdf417/../test-witness/barcode_r21_c13_e1_384x288.png`
[2m2026-06-08T05:20:49.654590Z[0m [32m INFO[0m initializing cpu prover
[2m2026-06-08T05:21:05.571469Z[0m [32m INFO[0m starting proof generation [3mmode[0m[2m=[0mCore
stderr: WARNING: Using insecure random number generator.
[2m2026-06-08T05:24:50.978792Z[0m [32m INFO[0m [1mprove[0m: close [3mtime.busy[0m[2m=[0m10.4ms [3mtime.idle[0m[2m=[0m225s [2m[3mmode[0m[2m=[0mCore[0m
Successfully generated proof!
Successfully verified proof!
Proven barcode text: PDF417 barcode data: Block0000 Block0001 Block0002 Block0003 Block0004 Block0005 Block0006 Block0007 Block0008 Block0009 Block0010 Block0011 Block0012 Block0013 Block0014 Block0015 Block0016 Block0017 Block0018 Block0019 Block0020 Block0021 Block0022 Block0023 Block0024 Block0025 Block0026 Block0027 Block0028 Block0029 Block0030 Block0031 Block0032 Block0033 Block0034 Block0035 Block0036 Block0037 Block0038 B
	Command being timed: "cargo run --release -- --prove --image /home/kmerrill/zk-barcodes/sp1-pdf417/../test-witness/barcode_r21_c13_e1_384x288.png"
	User time (seconds): 10399.81
	System time (seconds): 1063.19
	Percent of CPU this job got: 4641%
	Elapsed (wall clock) time (h:mm:ss or m:ss): 4:06.97
	Average shared text size (kbytes): 0
	Average unshared data size (kbytes): 0
	Average stack size (kbytes): 0
	Average total size (kbytes): 0
	Maximum resident set size (kbytes): 100365344
	Average resident set size (kbytes): 0
	Major (requiring I/O) page faults: 0
	Minor (reclaiming a frame) page faults: 125526125
	Voluntary context switches: 4797377
	Involuntary context switches: 3266077
	Swaps: 0
	File system inputs: 0
	File system outputs: 21200
	Socket messages sent: 0
	Socket messages received: 0
	Signals delivered: 0
	Page size (bytes): 4096
	Exit status: 0
[2026-06-08 05:24:56] Iteration 5 complete | proof.bin size: 10624099 bytes
