--- Iteration 1 of 5 ---
[2026-06-08 04:43:25] Starting iteration 1
warning: profiles for the non root package will be ignored, specify profiles at the workspace root:
package:   /home/kmerrill/zk-barcodes/sp1-pdf417/vendor/rxing/Cargo.toml
workspace: /home/kmerrill/zk-barcodes/sp1-pdf417/Cargo.toml
warning: value assigned to `rs` is never read
   --> vendor/rxing/src/common/cpp_essentials/pattern.rs:695:9
    |
695 |         rs[*mi as usize] -= err as f32;
    |         ^^^^^^^^^^^^^^^^^^^^^^^^^^^^^^
    |
    = help: maybe it is overwritten before being read?
    = note: `#[warn(unused_assignments)]` (part of `#[warn(unused)]`) on by default

warning: hiding a lifetime that's elided elsewhere is confusing
   --> vendor/rxing/src/oned/cpp/one_d_reader.rs:450:23
    |
450 |     pub fn new(hints: &DecodeHints) -> ODReader {
    |                       ^^^^^^^^^^^^     ^^^^^^^^ the same lifetime is hidden here
    |                       |
    |                       the lifetime is elided here
    |
    = help: the same lifetime is referred to in inconsistent ways, making the signature confusing
    = note: `#[warn(mismatched_lifetime_syntaxes)]` on by default
help: use `'_` for type paths
    |
450 |     pub fn new(hints: &DecodeHints) -> ODReader<'_> {
    |                                                ++++

warning: `rxing` (lib) generated 2 warnings (run `cargo fix --lib -p rxing` to apply 1 suggestion)
warning: pdf417-script@0.1.0: rustc +succinct --version: "rustc 1.93.0-dev\n"
warning: pdf417-script@0.1.0: pdf417-program built at 2026-04-20 02:00:15
    Finished `release` profile [optimized] target(s) in 0.32s
     Running `/home/kmerrill/zk-barcodes/sp1-pdf417/target/release/pdf417 --prove --image /home/kmerrill/zk-barcodes/sp1-pdf417/../test-witness/barcode_r21_c13_e0_384x288.png`
[2m2026-06-08T04:43:25.945169Z[0m [32m INFO[0m initializing cpu prover
[2m2026-06-08T04:43:41.607335Z[0m [32m INFO[0m starting proof generation [3mmode[0m[2m=[0mCore
stderr: WARNING: Using insecure random number generator.
[2m2026-06-08T04:47:31.476964Z[0m [32m INFO[0m [1mprove[0m: close [3mtime.busy[0m[2m=[0m11.2ms [3mtime.idle[0m[2m=[0m230s [2m[3mmode[0m[2m=[0mCore[0m
Successfully generated proof!
Successfully verified proof!
Proven barcode text: PDF417 barcode data: Block0000 Block0001 Block0002 Block0003 Block0004 Block0005 Block0006 Block0007 Block0008 Block0009 Block0010 Block0011 Block0012 Block0013 Block0014 Block0015 Block0016 Block0017 Block0018 Block0019 Block0020 Block0021 Block0022 Block0023 Block0024 Block0025 Block0026 Block0027 Block0028 Block0029 Block0030 Block0031 Block0032 Block0033 Block0034 Block0035 Block0036 Block0037 Block0038 Bloc
	Command being timed: "cargo run --release -- --prove --image /home/kmerrill/zk-barcodes/sp1-pdf417/../test-witness/barcode_r21_c13_e0_384x288.png"
	User time (seconds): 10368.44
	System time (seconds): 1088.35
	Percent of CPU this job got: 4569%
	Elapsed (wall clock) time (h:mm:ss or m:ss): 4:10.74
	Average shared text size (kbytes): 0
	Average unshared data size (kbytes): 0
	Average stack size (kbytes): 0
	Average total size (kbytes): 0
	Maximum resident set size (kbytes): 115007572
	Average resident set size (kbytes): 0
	Major (requiring I/O) page faults: 0
	Minor (reclaiming a frame) page faults: 127098856
	Voluntary context switches: 4742089
	Involuntary context switches: 3206713
	Swaps: 0
	File system inputs: 0
	File system outputs: 20808
	Socket messages sent: 0
	Socket messages received: 0
	Signals delivered: 0
	Page size (bytes): 4096
	Exit status: 0
[2026-06-08 04:47:36] Iteration 1 complete | proof.bin size: 10623587 bytes
--- Iteration 2 of 5 ---
[2026-06-08 04:47:36] Starting iteration 2
warning: profiles for the non root package will be ignored, specify profiles at the workspace root:
package:   /home/kmerrill/zk-barcodes/sp1-pdf417/vendor/rxing/Cargo.toml
workspace: /home/kmerrill/zk-barcodes/sp1-pdf417/Cargo.toml
warning: value assigned to `rs` is never read
   --> vendor/rxing/src/common/cpp_essentials/pattern.rs:695:9
    |
695 |         rs[*mi as usize] -= err as f32;
    |         ^^^^^^^^^^^^^^^^^^^^^^^^^^^^^^
    |
    = help: maybe it is overwritten before being read?
    = note: `#[warn(unused_assignments)]` (part of `#[warn(unused)]`) on by default

warning: hiding a lifetime that's elided elsewhere is confusing
   --> vendor/rxing/src/oned/cpp/one_d_reader.rs:450:23
    |
450 |     pub fn new(hints: &DecodeHints) -> ODReader {
    |                       ^^^^^^^^^^^^     ^^^^^^^^ the same lifetime is hidden here
    |                       |
    |                       the lifetime is elided here
    |
    = help: the same lifetime is referred to in inconsistent ways, making the signature confusing
    = note: `#[warn(mismatched_lifetime_syntaxes)]` on by default
help: use `'_` for type paths
    |
450 |     pub fn new(hints: &DecodeHints) -> ODReader<'_> {
    |                                                ++++

warning: `rxing` (lib) generated 2 warnings (run `cargo fix --lib -p rxing` to apply 1 suggestion)
warning: pdf417-script@0.1.0: rustc +succinct --version: "rustc 1.93.0-dev\n"
warning: pdf417-script@0.1.0: pdf417-program built at 2026-04-20 02:00:15
    Finished `release` profile [optimized] target(s) in 0.49s
     Running `/home/kmerrill/zk-barcodes/sp1-pdf417/target/release/pdf417 --prove --image /home/kmerrill/zk-barcodes/sp1-pdf417/../test-witness/barcode_r21_c13_e0_384x288.png`
[2m2026-06-08T04:47:36.886983Z[0m [32m INFO[0m initializing cpu prover
[2m2026-06-08T04:47:52.809947Z[0m [32m INFO[0m starting proof generation [3mmode[0m[2m=[0mCore
stderr: WARNING: Using insecure random number generator.
[2m2026-06-08T04:51:37.809207Z[0m [32m INFO[0m [1mprove[0m: close [3mtime.busy[0m[2m=[0m8.23ms [3mtime.idle[0m[2m=[0m225s [2m[3mmode[0m[2m=[0mCore[0m
Successfully generated proof!
Successfully verified proof!
Proven barcode text: PDF417 barcode data: Block0000 Block0001 Block0002 Block0003 Block0004 Block0005 Block0006 Block0007 Block0008 Block0009 Block0010 Block0011 Block0012 Block0013 Block0014 Block0015 Block0016 Block0017 Block0018 Block0019 Block0020 Block0021 Block0022 Block0023 Block0024 Block0025 Block0026 Block0027 Block0028 Block0029 Block0030 Block0031 Block0032 Block0033 Block0034 Block0035 Block0036 Block0037 Block0038 Bloc
	Command being timed: "cargo run --release -- --prove --image /home/kmerrill/zk-barcodes/sp1-pdf417/../test-witness/barcode_r21_c13_e0_384x288.png"
	User time (seconds): 10325.25
	System time (seconds): 1076.50
	Percent of CPU this job got: 4617%
	Elapsed (wall clock) time (h:mm:ss or m:ss): 4:06.90
	Average shared text size (kbytes): 0
	Average unshared data size (kbytes): 0
	Average stack size (kbytes): 0
	Average total size (kbytes): 0
	Maximum resident set size (kbytes): 112420596
	Average resident set size (kbytes): 0
	Major (requiring I/O) page faults: 0
	Minor (reclaiming a frame) page faults: 124199771
	Voluntary context switches: 4810059
	Involuntary context switches: 3089495
	Swaps: 0
	File system inputs: 0
	File system outputs: 21200
	Socket messages sent: 0
	Socket messages received: 0
	Signals delivered: 0
	Page size (bytes): 4096
	Exit status: 0
[2026-06-08 04:51:43] Iteration 2 complete | proof.bin size: 10623587 bytes
--- Iteration 3 of 5 ---
[2026-06-08 04:51:43] Starting iteration 3
warning: profiles for the non root package will be ignored, specify profiles at the workspace root:
package:   /home/kmerrill/zk-barcodes/sp1-pdf417/vendor/rxing/Cargo.toml
workspace: /home/kmerrill/zk-barcodes/sp1-pdf417/Cargo.toml
warning: value assigned to `rs` is never read
   --> vendor/rxing/src/common/cpp_essentials/pattern.rs:695:9
    |
695 |         rs[*mi as usize] -= err as f32;
    |         ^^^^^^^^^^^^^^^^^^^^^^^^^^^^^^
    |
    = help: maybe it is overwritten before being read?
    = note: `#[warn(unused_assignments)]` (part of `#[warn(unused)]`) on by default

warning: hiding a lifetime that's elided elsewhere is confusing
   --> vendor/rxing/src/oned/cpp/one_d_reader.rs:450:23
    |
450 |     pub fn new(hints: &DecodeHints) -> ODReader {
    |                       ^^^^^^^^^^^^     ^^^^^^^^ the same lifetime is hidden here
    |                       |
    |                       the lifetime is elided here
    |
    = help: the same lifetime is referred to in inconsistent ways, making the signature confusing
    = note: `#[warn(mismatched_lifetime_syntaxes)]` on by default
help: use `'_` for type paths
    |
450 |     pub fn new(hints: &DecodeHints) -> ODReader<'_> {
    |                                                ++++

warning: `rxing` (lib) generated 2 warnings (run `cargo fix --lib -p rxing` to apply 1 suggestion)
warning: pdf417-script@0.1.0: rustc +succinct --version: "rustc 1.93.0-dev\n"
warning: pdf417-script@0.1.0: pdf417-program built at 2026-04-20 02:00:15
    Finished `release` profile [optimized] target(s) in 0.31s
     Running `/home/kmerrill/zk-barcodes/sp1-pdf417/target/release/pdf417 --prove --image /home/kmerrill/zk-barcodes/sp1-pdf417/../test-witness/barcode_r21_c13_e0_384x288.png`
[2m2026-06-08T04:51:43.653343Z[0m [32m INFO[0m initializing cpu prover
[2m2026-06-08T04:51:59.351547Z[0m [32m INFO[0m starting proof generation [3mmode[0m[2m=[0mCore
stderr: WARNING: Using insecure random number generator.
[2m2026-06-08T04:55:46.602956Z[0m [32m INFO[0m [1mprove[0m: close [3mtime.busy[0m[2m=[0m9.87ms [3mtime.idle[0m[2m=[0m227s [2m[3mmode[0m[2m=[0mCore[0m
Successfully generated proof!
Successfully verified proof!
Proven barcode text: PDF417 barcode data: Block0000 Block0001 Block0002 Block0003 Block0004 Block0005 Block0006 Block0007 Block0008 Block0009 Block0010 Block0011 Block0012 Block0013 Block0014 Block0015 Block0016 Block0017 Block0018 Block0019 Block0020 Block0021 Block0022 Block0023 Block0024 Block0025 Block0026 Block0027 Block0028 Block0029 Block0030 Block0031 Block0032 Block0033 Block0034 Block0035 Block0036 Block0037 Block0038 Bloc
	Command being timed: "cargo run --release -- --prove --image /home/kmerrill/zk-barcodes/sp1-pdf417/../test-witness/barcode_r21_c13_e0_384x288.png"
	User time (seconds): 10381.36
	System time (seconds): 1065.10
	Percent of CPU this job got: 4603%
	Elapsed (wall clock) time (h:mm:ss or m:ss): 4:08.65
	Average shared text size (kbytes): 0
	Average unshared data size (kbytes): 0
	Average stack size (kbytes): 0
	Average total size (kbytes): 0
	Maximum resident set size (kbytes): 99354056
	Average resident set size (kbytes): 0
	Major (requiring I/O) page faults: 0
	Minor (reclaiming a frame) page faults: 123473709
	Voluntary context switches: 5048471
	Involuntary context switches: 3468599
	Swaps: 0
	File system inputs: 0
	File system outputs: 20808
	Socket messages sent: 0
	Socket messages received: 0
	Signals delivered: 0
	Page size (bytes): 4096
	Exit status: 0
[2026-06-08 04:55:51] Iteration 3 complete | proof.bin size: 10623587 bytes
--- Iteration 4 of 5 ---
[2026-06-08 04:55:51] Starting iteration 4
warning: profiles for the non root package will be ignored, specify profiles at the workspace root:
package:   /home/kmerrill/zk-barcodes/sp1-pdf417/vendor/rxing/Cargo.toml
workspace: /home/kmerrill/zk-barcodes/sp1-pdf417/Cargo.toml
warning: value assigned to `rs` is never read
   --> vendor/rxing/src/common/cpp_essentials/pattern.rs:695:9
    |
695 |         rs[*mi as usize] -= err as f32;
    |         ^^^^^^^^^^^^^^^^^^^^^^^^^^^^^^
    |
    = help: maybe it is overwritten before being read?
    = note: `#[warn(unused_assignments)]` (part of `#[warn(unused)]`) on by default

warning: hiding a lifetime that's elided elsewhere is confusing
   --> vendor/rxing/src/oned/cpp/one_d_reader.rs:450:23
    |
450 |     pub fn new(hints: &DecodeHints) -> ODReader {
    |                       ^^^^^^^^^^^^     ^^^^^^^^ the same lifetime is hidden here
    |                       |
    |                       the lifetime is elided here
    |
    = help: the same lifetime is referred to in inconsistent ways, making the signature confusing
    = note: `#[warn(mismatched_lifetime_syntaxes)]` on by default
help: use `'_` for type paths
    |
450 |     pub fn new(hints: &DecodeHints) -> ODReader<'_> {
    |                                                ++++

warning: `rxing` (lib) generated 2 warnings (run `cargo fix --lib -p rxing` to apply 1 suggestion)
warning: pdf417-script@0.1.0: rustc +succinct --version: "rustc 1.93.0-dev\n"
warning: pdf417-script@0.1.0: pdf417-program built at 2026-04-20 02:00:15
    Finished `release` profile [optimized] target(s) in 0.49s
     Running `/home/kmerrill/zk-barcodes/sp1-pdf417/target/release/pdf417 --prove --image /home/kmerrill/zk-barcodes/sp1-pdf417/../test-witness/barcode_r21_c13_e0_384x288.png`
[2m2026-06-08T04:55:52.500930Z[0m [32m INFO[0m initializing cpu prover
[2m2026-06-08T04:56:08.190236Z[0m [32m INFO[0m starting proof generation [3mmode[0m[2m=[0mCore
stderr: WARNING: Using insecure random number generator.
[2m2026-06-08T04:59:55.991665Z[0m [32m INFO[0m [1mprove[0m: close [3mtime.busy[0m[2m=[0m8.09ms [3mtime.idle[0m[2m=[0m228s [2m[3mmode[0m[2m=[0mCore[0m
Successfully generated proof!
Successfully verified proof!
Proven barcode text: PDF417 barcode data: Block0000 Block0001 Block0002 Block0003 Block0004 Block0005 Block0006 Block0007 Block0008 Block0009 Block0010 Block0011 Block0012 Block0013 Block0014 Block0015 Block0016 Block0017 Block0018 Block0019 Block0020 Block0021 Block0022 Block0023 Block0024 Block0025 Block0026 Block0027 Block0028 Block0029 Block0030 Block0031 Block0032 Block0033 Block0034 Block0035 Block0036 Block0037 Block0038 Bloc
	Command being timed: "cargo run --release -- --prove --image /home/kmerrill/zk-barcodes/sp1-pdf417/../test-witness/barcode_r21_c13_e0_384x288.png"
	User time (seconds): 10343.85
	System time (seconds): 1079.43
	Percent of CPU this job got: 4583%
	Elapsed (wall clock) time (h:mm:ss or m:ss): 4:09.23
	Average shared text size (kbytes): 0
	Average unshared data size (kbytes): 0
	Average stack size (kbytes): 0
	Average total size (kbytes): 0
	Maximum resident set size (kbytes): 101241704
	Average resident set size (kbytes): 0
	Major (requiring I/O) page faults: 0
	Minor (reclaiming a frame) page faults: 123618828
	Voluntary context switches: 4843736
	Involuntary context switches: 3207281
	Swaps: 0
	File system inputs: 0
	File system outputs: 21200
	Socket messages sent: 0
	Socket messages received: 0
	Signals delivered: 0
	Page size (bytes): 4096
	Exit status: 0
[2026-06-08 05:00:01] Iteration 4 complete | proof.bin size: 10623587 bytes
--- Iteration 5 of 5 ---
[2026-06-08 05:00:01] Starting iteration 5
warning: profiles for the non root package will be ignored, specify profiles at the workspace root:
package:   /home/kmerrill/zk-barcodes/sp1-pdf417/vendor/rxing/Cargo.toml
workspace: /home/kmerrill/zk-barcodes/sp1-pdf417/Cargo.toml
warning: value assigned to `rs` is never read
   --> vendor/rxing/src/common/cpp_essentials/pattern.rs:695:9
    |
695 |         rs[*mi as usize] -= err as f32;
    |         ^^^^^^^^^^^^^^^^^^^^^^^^^^^^^^
    |
    = help: maybe it is overwritten before being read?
    = note: `#[warn(unused_assignments)]` (part of `#[warn(unused)]`) on by default

warning: hiding a lifetime that's elided elsewhere is confusing
   --> vendor/rxing/src/oned/cpp/one_d_reader.rs:450:23
    |
450 |     pub fn new(hints: &DecodeHints) -> ODReader {
    |                       ^^^^^^^^^^^^     ^^^^^^^^ the same lifetime is hidden here
    |                       |
    |                       the lifetime is elided here
    |
    = help: the same lifetime is referred to in inconsistent ways, making the signature confusing
    = note: `#[warn(mismatched_lifetime_syntaxes)]` on by default
help: use `'_` for type paths
    |
450 |     pub fn new(hints: &DecodeHints) -> ODReader<'_> {
    |                                                ++++

warning: `rxing` (lib) generated 2 warnings (run `cargo fix --lib -p rxing` to apply 1 suggestion)
warning: pdf417-script@0.1.0: rustc +succinct --version: "rustc 1.93.0-dev\n"
warning: pdf417-script@0.1.0: pdf417-program built at 2026-04-20 02:00:15
    Finished `release` profile [optimized] target(s) in 0.32s
     Running `/home/kmerrill/zk-barcodes/sp1-pdf417/target/release/pdf417 --prove --image /home/kmerrill/zk-barcodes/sp1-pdf417/../test-witness/barcode_r21_c13_e0_384x288.png`
[2m2026-06-08T05:00:01.599365Z[0m [32m INFO[0m initializing cpu prover
[2m2026-06-08T05:00:17.356083Z[0m [32m INFO[0m starting proof generation [3mmode[0m[2m=[0mCore
stderr: WARNING: Using insecure random number generator.
[2m2026-06-08T05:04:05.494189Z[0m [32m INFO[0m [1mprove[0m: close [3mtime.busy[0m[2m=[0m7.09ms [3mtime.idle[0m[2m=[0m228s [2m[3mmode[0m[2m=[0mCore[0m
Successfully generated proof!
Successfully verified proof!
Proven barcode text: PDF417 barcode data: Block0000 Block0001 Block0002 Block0003 Block0004 Block0005 Block0006 Block0007 Block0008 Block0009 Block0010 Block0011 Block0012 Block0013 Block0014 Block0015 Block0016 Block0017 Block0018 Block0019 Block0020 Block0021 Block0022 Block0023 Block0024 Block0025 Block0026 Block0027 Block0028 Block0029 Block0030 Block0031 Block0032 Block0033 Block0034 Block0035 Block0036 Block0037 Block0038 Bloc
	Command being timed: "cargo run --release -- --prove --image /home/kmerrill/zk-barcodes/sp1-pdf417/../test-witness/barcode_r21_c13_e0_384x288.png"
	User time (seconds): 10270.18
	System time (seconds): 1053.97
	Percent of CPU this job got: 4540%
	Elapsed (wall clock) time (h:mm:ss or m:ss): 4:09.42
	Average shared text size (kbytes): 0
	Average unshared data size (kbytes): 0
	Average stack size (kbytes): 0
	Average total size (kbytes): 0
	Maximum resident set size (kbytes): 108209240
	Average resident set size (kbytes): 0
	Major (requiring I/O) page faults: 0
	Minor (reclaiming a frame) page faults: 121747574
	Voluntary context switches: 4643778
	Involuntary context switches: 3067142
	Swaps: 0
	File system inputs: 0
	File system outputs: 20808
	Socket messages sent: 0
	Socket messages received: 0
	Signals delivered: 0
	Page size (bytes): 4096
	Exit status: 0
[2026-06-08 05:04:10] Iteration 5 complete | proof.bin size: 10623587 bytes
