--- Iteration 1 of 5 ---
[2026-06-08 06:16:40] Starting iteration 1
warning: profiles for the non root package will be ignored, specify profiles at the workspace root:
package:   /home/kmerrill/zk-barcodes/sp1-pdf417/vendor/rxing/Cargo.toml
workspace: /home/kmerrill/zk-barcodes/sp1-pdf417/Cargo.toml
warning: value assigned to `rs` is never read
   --> vendor/rxing/src/common/cpp_essentials/pattern.rs:695:9
    |
695 |         rs[*mi as usize] -= err as f32;
    |         ^^^^^^^^^^^^^^^^^^^^^^^^^^^^^^
    |
    = help: maybe it is overwritten before being read?
    = note: `#[warn(unused_assignments)]` (part of `#[warn(unused)]`) on by default

warning: hiding a lifetime that's elided elsewhere is confusing
   --> vendor/rxing/src/oned/cpp/one_d_reader.rs:450:23
    |
450 |     pub fn new(hints: &DecodeHints) -> ODReader {
    |                       ^^^^^^^^^^^^     ^^^^^^^^ the same lifetime is hidden here
    |                       |
    |                       the lifetime is elided here
    |
    = help: the same lifetime is referred to in inconsistent ways, making the signature confusing
    = note: `#[warn(mismatched_lifetime_syntaxes)]` on by default
help: use `'_` for type paths
    |
450 |     pub fn new(hints: &DecodeHints) -> ODReader<'_> {
    |                                                ++++

warning: `rxing` (lib) generated 2 warnings (run `cargo fix --lib -p rxing` to apply 1 suggestion)
warning: pdf417-script@0.1.0: rustc +succinct --version: "rustc 1.93.0-dev\n"
warning: pdf417-script@0.1.0: pdf417-program built at 2026-04-20 02:00:15
    Finished `release` profile [optimized] target(s) in 0.32s
     Running `/home/kmerrill/zk-barcodes/sp1-pdf417/target/release/pdf417 --prove --image /home/kmerrill/zk-barcodes/sp1-pdf417/../test-witness/barcode_r3_c2_e1_192x144.png`
[2m2026-06-08T06:16:40.403578Z[0m [32m INFO[0m initializing cpu prover
[2m2026-06-08T06:16:56.092081Z[0m [32m INFO[0m starting proof generation [3mmode[0m[2m=[0mCore
stderr: WARNING: Using insecure random number generator.
[2m2026-06-08T06:18:18.298204Z[0m [32m INFO[0m [1mprove[0m: close [3mtime.busy[0m[2m=[0m5.42ms [3mtime.idle[0m[2m=[0m82.2s [2m[3mmode[0m[2m=[0mCore[0m
Successfully generated proof!
Successfully verified proof!
Proven barcode text: P
	Command being timed: "cargo run --release -- --prove --image /home/kmerrill/zk-barcodes/sp1-pdf417/../test-witness/barcode_r3_c2_e1_192x144.png"
	User time (seconds): 3600.66
	System time (seconds): 477.35
	Percent of CPU this job got: 4057%
	Elapsed (wall clock) time (h:mm:ss or m:ss): 1:40.50
	Average shared text size (kbytes): 0
	Average unshared data size (kbytes): 0
	Average stack size (kbytes): 0
	Average total size (kbytes): 0
	Maximum resident set size (kbytes): 37056864
	Average resident set size (kbytes): 0
	Major (requiring I/O) page faults: 0
	Minor (reclaiming a frame) page faults: 33674923
	Voluntary context switches: 3178530
	Involuntary context switches: 2515915
	Swaps: 0
	File system inputs: 8
	File system outputs: 8584
	Socket messages sent: 0
	Socket messages received: 0
	Signals delivered: 0
	Page size (bytes): 4096
	Exit status: 0
[2026-06-08 06:18:20] Iteration 1 complete | proof.bin size: 4365511 bytes
--- Iteration 2 of 5 ---
[2026-06-08 06:18:20] Starting iteration 2
warning: profiles for the non root package will be ignored, specify profiles at the workspace root:
package:   /home/kmerrill/zk-barcodes/sp1-pdf417/vendor/rxing/Cargo.toml
workspace: /home/kmerrill/zk-barcodes/sp1-pdf417/Cargo.toml
warning: value assigned to `rs` is never read
   --> vendor/rxing/src/common/cpp_essentials/pattern.rs:695:9
    |
695 |         rs[*mi as usize] -= err as f32;
    |         ^^^^^^^^^^^^^^^^^^^^^^^^^^^^^^
    |
    = help: maybe it is overwritten before being read?
    = note: `#[warn(unused_assignments)]` (part of `#[warn(unused)]`) on by default

warning: hiding a lifetime that's elided elsewhere is confusing
   --> vendor/rxing/src/oned/cpp/one_d_reader.rs:450:23
    |
450 |     pub fn new(hints: &DecodeHints) -> ODReader {
    |                       ^^^^^^^^^^^^     ^^^^^^^^ the same lifetime is hidden here
    |                       |
    |                       the lifetime is elided here
    |
    = help: the same lifetime is referred to in inconsistent ways, making the signature confusing
    = note: `#[warn(mismatched_lifetime_syntaxes)]` on by default
help: use `'_` for type paths
    |
450 |     pub fn new(hints: &DecodeHints) -> ODReader<'_> {
    |                                                ++++

warning: `rxing` (lib) generated 2 warnings (run `cargo fix --lib -p rxing` to apply 1 suggestion)
warning: pdf417-script@0.1.0: rustc +succinct --version: "rustc 1.93.0-dev\n"
warning: pdf417-script@0.1.0: pdf417-program built at 2026-04-20 02:00:15
    Finished `release` profile [optimized] target(s) in 0.32s
     Running `/home/kmerrill/zk-barcodes/sp1-pdf417/target/release/pdf417 --prove --image /home/kmerrill/zk-barcodes/sp1-pdf417/../test-witness/barcode_r3_c2_e1_192x144.png`
[2m2026-06-08T06:18:20.938375Z[0m [32m INFO[0m initializing cpu prover
[2m2026-06-08T06:18:36.633462Z[0m [32m INFO[0m starting proof generation [3mmode[0m[2m=[0mCore
stderr: WARNING: Using insecure random number generator.
[2m2026-06-08T06:19:59.162792Z[0m [32m INFO[0m [1mprove[0m: close [3mtime.busy[0m[2m=[0m6.24ms [3mtime.idle[0m[2m=[0m82.5s [2m[3mmode[0m[2m=[0mCore[0m
Successfully generated proof!
Successfully verified proof!
Proven barcode text: P
	Command being timed: "cargo run --release -- --prove --image /home/kmerrill/zk-barcodes/sp1-pdf417/../test-witness/barcode_r3_c2_e1_192x144.png"
	User time (seconds): 3639.40
	System time (seconds): 463.55
	Percent of CPU this job got: 4064%
	Elapsed (wall clock) time (h:mm:ss or m:ss): 1:40.94
	Average shared text size (kbytes): 0
	Average unshared data size (kbytes): 0
	Average stack size (kbytes): 0
	Average total size (kbytes): 0
	Maximum resident set size (kbytes): 37017012
	Average resident set size (kbytes): 0
	Major (requiring I/O) page faults: 0
	Minor (reclaiming a frame) page faults: 29025984
	Voluntary context switches: 3231252
	Involuntary context switches: 2545100
	Swaps: 0
	File system inputs: 0
	File system outputs: 8584
	Socket messages sent: 0
	Socket messages received: 0
	Signals delivered: 0
	Page size (bytes): 4096
	Exit status: 0
[2026-06-08 06:20:01] Iteration 2 complete | proof.bin size: 4365511 bytes
--- Iteration 3 of 5 ---
[2026-06-08 06:20:01] Starting iteration 3
warning: profiles for the non root package will be ignored, specify profiles at the workspace root:
package:   /home/kmerrill/zk-barcodes/sp1-pdf417/vendor/rxing/Cargo.toml
workspace: /home/kmerrill/zk-barcodes/sp1-pdf417/Cargo.toml
warning: value assigned to `rs` is never read
   --> vendor/rxing/src/common/cpp_essentials/pattern.rs:695:9
    |
695 |         rs[*mi as usize] -= err as f32;
    |         ^^^^^^^^^^^^^^^^^^^^^^^^^^^^^^
    |
    = help: maybe it is overwritten before being read?
    = note: `#[warn(unused_assignments)]` (part of `#[warn(unused)]`) on by default

warning: hiding a lifetime that's elided elsewhere is confusing
   --> vendor/rxing/src/oned/cpp/one_d_reader.rs:450:23
    |
450 |     pub fn new(hints: &DecodeHints) -> ODReader {
    |                       ^^^^^^^^^^^^     ^^^^^^^^ the same lifetime is hidden here
    |                       |
    |                       the lifetime is elided here
    |
    = help: the same lifetime is referred to in inconsistent ways, making the signature confusing
    = note: `#[warn(mismatched_lifetime_syntaxes)]` on by default
help: use `'_` for type paths
    |
450 |     pub fn new(hints: &DecodeHints) -> ODReader<'_> {
    |                                                ++++

warning: `rxing` (lib) generated 2 warnings (run `cargo fix --lib -p rxing` to apply 1 suggestion)
warning: pdf417-script@0.1.0: rustc +succinct --version: "rustc 1.93.0-dev\n"
warning: pdf417-script@0.1.0: pdf417-program built at 2026-04-20 02:00:15
    Finished `release` profile [optimized] target(s) in 0.45s
     Running `/home/kmerrill/zk-barcodes/sp1-pdf417/target/release/pdf417 --prove --image /home/kmerrill/zk-barcodes/sp1-pdf417/../test-witness/barcode_r3_c2_e1_192x144.png`
[2m2026-06-08T06:20:02.035723Z[0m [32m INFO[0m initializing cpu prover
[2m2026-06-08T06:20:17.851035Z[0m [32m INFO[0m starting proof generation [3mmode[0m[2m=[0mCore
stderr: WARNING: Using insecure random number generator.
[2m2026-06-08T06:21:39.749142Z[0m [32m INFO[0m [1mprove[0m: close [3mtime.busy[0m[2m=[0m8.22ms [3mtime.idle[0m[2m=[0m81.9s [2m[3mmode[0m[2m=[0mCore[0m
Successfully generated proof!
Successfully verified proof!
Proven barcode text: P
	Command being timed: "cargo run --release -- --prove --image /home/kmerrill/zk-barcodes/sp1-pdf417/../test-witness/barcode_r3_c2_e1_192x144.png"
	User time (seconds): 3612.87
	System time (seconds): 473.05
	Percent of CPU this job got: 4062%
	Elapsed (wall clock) time (h:mm:ss or m:ss): 1:40.58
	Average shared text size (kbytes): 0
	Average unshared data size (kbytes): 0
	Average stack size (kbytes): 0
	Average total size (kbytes): 0
	Maximum resident set size (kbytes): 37283404
	Average resident set size (kbytes): 0
	Major (requiring I/O) page faults: 0
	Minor (reclaiming a frame) page faults: 30161426
	Voluntary context switches: 3225827
	Involuntary context switches: 2682907
	Swaps: 0
	File system inputs: 0
	File system outputs: 8976
	Socket messages sent: 0
	Socket messages received: 0
	Signals delivered: 0
	Page size (bytes): 4096
	Exit status: 0
[2026-06-08 06:21:42] Iteration 3 complete | proof.bin size: 4365511 bytes
--- Iteration 4 of 5 ---
[2026-06-08 06:21:42] Starting iteration 4
warning: profiles for the non root package will be ignored, specify profiles at the workspace root:
package:   /home/kmerrill/zk-barcodes/sp1-pdf417/vendor/rxing/Cargo.toml
workspace: /home/kmerrill/zk-barcodes/sp1-pdf417/Cargo.toml
warning: value assigned to `rs` is never read
   --> vendor/rxing/src/common/cpp_essentials/pattern.rs:695:9
    |
695 |         rs[*mi as usize] -= err as f32;
    |         ^^^^^^^^^^^^^^^^^^^^^^^^^^^^^^
    |
    = help: maybe it is overwritten before being read?
    = note: `#[warn(unused_assignments)]` (part of `#[warn(unused)]`) on by default

warning: hiding a lifetime that's elided elsewhere is confusing
   --> vendor/rxing/src/oned/cpp/one_d_reader.rs:450:23
    |
450 |     pub fn new(hints: &DecodeHints) -> ODReader {
    |                       ^^^^^^^^^^^^     ^^^^^^^^ the same lifetime is hidden here
    |                       |
    |                       the lifetime is elided here
    |
    = help: the same lifetime is referred to in inconsistent ways, making the signature confusing
    = note: `#[warn(mismatched_lifetime_syntaxes)]` on by default
help: use `'_` for type paths
    |
450 |     pub fn new(hints: &DecodeHints) -> ODReader<'_> {
    |                                                ++++

warning: `rxing` (lib) generated 2 warnings (run `cargo fix --lib -p rxing` to apply 1 suggestion)
warning: pdf417-script@0.1.0: rustc +succinct --version: "rustc 1.93.0-dev\n"
warning: pdf417-script@0.1.0: pdf417-program built at 2026-04-20 02:00:15
    Finished `release` profile [optimized] target(s) in 0.32s
     Running `/home/kmerrill/zk-barcodes/sp1-pdf417/target/release/pdf417 --prove --image /home/kmerrill/zk-barcodes/sp1-pdf417/../test-witness/barcode_r3_c2_e1_192x144.png`
[2m2026-06-08T06:21:42.518683Z[0m [32m INFO[0m initializing cpu prover
[2m2026-06-08T06:21:58.316643Z[0m [32m INFO[0m starting proof generation [3mmode[0m[2m=[0mCore
stderr: WARNING: Using insecure random number generator.
[2m2026-06-08T06:23:19.944831Z[0m [32m INFO[0m [1mprove[0m: close [3mtime.busy[0m[2m=[0m5.98ms [3mtime.idle[0m[2m=[0m81.6s [2m[3mmode[0m[2m=[0mCore[0m
Successfully generated proof!
Successfully verified proof!
Proven barcode text: P
	Command being timed: "cargo run --release -- --prove --image /home/kmerrill/zk-barcodes/sp1-pdf417/../test-witness/barcode_r3_c2_e1_192x144.png"
	User time (seconds): 3590.94
	System time (seconds): 467.22
	Percent of CPU this job got: 4052%
	Elapsed (wall clock) time (h:mm:ss or m:ss): 1:40.14
	Average shared text size (kbytes): 0
	Average unshared data size (kbytes): 0
	Average stack size (kbytes): 0
	Average total size (kbytes): 0
	Maximum resident set size (kbytes): 37309464
	Average resident set size (kbytes): 0
	Major (requiring I/O) page faults: 0
	Minor (reclaiming a frame) page faults: 31032737
	Voluntary context switches: 3127428
	Involuntary context switches: 2480243
	Swaps: 0
	File system inputs: 0
	File system outputs: 8584
	Socket messages sent: 0
	Socket messages received: 0
	Signals delivered: 0
	Page size (bytes): 4096
	Exit status: 0
[2026-06-08 06:23:22] Iteration 4 complete | proof.bin size: 4365511 bytes
--- Iteration 5 of 5 ---
[2026-06-08 06:23:22] Starting iteration 5
warning: profiles for the non root package will be ignored, specify profiles at the workspace root:
package:   /home/kmerrill/zk-barcodes/sp1-pdf417/vendor/rxing/Cargo.toml
workspace: /home/kmerrill/zk-barcodes/sp1-pdf417/Cargo.toml
warning: value assigned to `rs` is never read
   --> vendor/rxing/src/common/cpp_essentials/pattern.rs:695:9
    |
695 |         rs[*mi as usize] -= err as f32;
    |         ^^^^^^^^^^^^^^^^^^^^^^^^^^^^^^
    |
    = help: maybe it is overwritten before being read?
    = note: `#[warn(unused_assignments)]` (part of `#[warn(unused)]`) on by default

warning: hiding a lifetime that's elided elsewhere is confusing
   --> vendor/rxing/src/oned/cpp/one_d_reader.rs:450:23
    |
450 |     pub fn new(hints: &DecodeHints) -> ODReader {
    |                       ^^^^^^^^^^^^     ^^^^^^^^ the same lifetime is hidden here
    |                       |
    |                       the lifetime is elided here
    |
    = help: the same lifetime is referred to in inconsistent ways, making the signature confusing
    = note: `#[warn(mismatched_lifetime_syntaxes)]` on by default
help: use `'_` for type paths
    |
450 |     pub fn new(hints: &DecodeHints) -> ODReader<'_> {
    |                                                ++++

warning: `rxing` (lib) generated 2 warnings (run `cargo fix --lib -p rxing` to apply 1 suggestion)
warning: pdf417-script@0.1.0: rustc +succinct --version: "rustc 1.93.0-dev\n"
warning: pdf417-script@0.1.0: pdf417-program built at 2026-04-20 02:00:15
    Finished `release` profile [optimized] target(s) in 0.32s
     Running `/home/kmerrill/zk-barcodes/sp1-pdf417/target/release/pdf417 --prove --image /home/kmerrill/zk-barcodes/sp1-pdf417/../test-witness/barcode_r3_c2_e1_192x144.png`
[2m2026-06-08T06:23:22.694567Z[0m [32m INFO[0m initializing cpu prover
[2m2026-06-08T06:23:38.479926Z[0m [32m INFO[0m starting proof generation [3mmode[0m[2m=[0mCore
stderr: WARNING: Using insecure random number generator.
[2m2026-06-08T06:25:02.364963Z[0m [32m INFO[0m [1mprove[0m: close [3mtime.busy[0m[2m=[0m6.19ms [3mtime.idle[0m[2m=[0m83.9s [2m[3mmode[0m[2m=[0mCore[0m
Successfully generated proof!
Successfully verified proof!
Proven barcode text: P
	Command being timed: "cargo run --release -- --prove --image /home/kmerrill/zk-barcodes/sp1-pdf417/../test-witness/barcode_r3_c2_e1_192x144.png"
	User time (seconds): 3613.97
	System time (seconds): 479.07
	Percent of CPU this job got: 3997%
	Elapsed (wall clock) time (h:mm:ss or m:ss): 1:42.38
	Average shared text size (kbytes): 0
	Average unshared data size (kbytes): 0
	Average stack size (kbytes): 0
	Average total size (kbytes): 0
	Maximum resident set size (kbytes): 36825312
	Average resident set size (kbytes): 0
	Major (requiring I/O) page faults: 0
	Minor (reclaiming a frame) page faults: 31919326
	Voluntary context switches: 3196946
	Involuntary context switches: 2524165
	Swaps: 0
	File system inputs: 0
	File system outputs: 8584
	Socket messages sent: 0
	Socket messages received: 0
	Signals delivered: 0
	Page size (bytes): 4096
	Exit status: 0
[2026-06-08 06:25:04] Iteration 5 complete | proof.bin size: 4365511 bytes
