--- Iteration 1 of 5 ---
[2026-06-08 07:16:28] Starting iteration 1
warning: profiles for the non root package will be ignored, specify profiles at the workspace root:
package:   /home/kmerrill/zk-barcodes/sp1-pdf417/vendor/rxing/Cargo.toml
workspace: /home/kmerrill/zk-barcodes/sp1-pdf417/Cargo.toml
warning: value assigned to `rs` is never read
   --> vendor/rxing/src/common/cpp_essentials/pattern.rs:695:9
    |
695 |         rs[*mi as usize] -= err as f32;
    |         ^^^^^^^^^^^^^^^^^^^^^^^^^^^^^^
    |
    = help: maybe it is overwritten before being read?
    = note: `#[warn(unused_assignments)]` (part of `#[warn(unused)]`) on by default

warning: hiding a lifetime that's elided elsewhere is confusing
   --> vendor/rxing/src/oned/cpp/one_d_reader.rs:450:23
    |
450 |     pub fn new(hints: &DecodeHints) -> ODReader {
    |                       ^^^^^^^^^^^^     ^^^^^^^^ the same lifetime is hidden here
    |                       |
    |                       the lifetime is elided here
    |
    = help: the same lifetime is referred to in inconsistent ways, making the signature confusing
    = note: `#[warn(mismatched_lifetime_syntaxes)]` on by default
help: use `'_` for type paths
    |
450 |     pub fn new(hints: &DecodeHints) -> ODReader<'_> {
    |                                                ++++

warning: `rxing` (lib) generated 2 warnings (run `cargo fix --lib -p rxing` to apply 1 suggestion)
warning: pdf417-script@0.1.0: rustc +succinct --version: "rustc 1.93.0-dev\n"
warning: pdf417-script@0.1.0: pdf417-program built at 2026-04-20 02:00:15
    Finished `release` profile [optimized] target(s) in 0.32s
     Running `/home/kmerrill/zk-barcodes/sp1-pdf417/target/release/pdf417 --prove --image /home/kmerrill/zk-barcodes/sp1-pdf417/../test-witness/barcode_r3_c3_e1_384x288.png`
[2m2026-06-08T07:16:28.409631Z[0m [32m INFO[0m initializing cpu prover
[2m2026-06-08T07:16:44.022233Z[0m [32m INFO[0m starting proof generation [3mmode[0m[2m=[0mCore
stderr: WARNING: Using insecure random number generator.
[2m2026-06-08T07:18:44.136567Z[0m [32m INFO[0m [1mprove[0m: close [3mtime.busy[0m[2m=[0m5.41ms [3mtime.idle[0m[2m=[0m120s [2m[3mmode[0m[2m=[0mCore[0m
Successfully generated proof!
Successfully verified proof!
Proven barcode text: PDF417
	Command being timed: "cargo run --release -- --prove --image /home/kmerrill/zk-barcodes/sp1-pdf417/../test-witness/barcode_r3_c3_e1_384x288.png"
	User time (seconds): 5641.83
	System time (seconds): 607.58
	Percent of CPU this job got: 4484%
	Elapsed (wall clock) time (h:mm:ss or m:ss): 2:19.35
	Average shared text size (kbytes): 0
	Average unshared data size (kbytes): 0
	Average stack size (kbytes): 0
	Average total size (kbytes): 0
	Maximum resident set size (kbytes): 82844320
	Average resident set size (kbytes): 0
	Major (requiring I/O) page faults: 0
	Minor (reclaiming a frame) page faults: 69504344
	Voluntary context switches: 2728230
	Involuntary context switches: 2213354
	Swaps: 0
	File system inputs: 0
	File system outputs: 11760
	Socket messages sent: 0
	Socket messages received: 0
	Signals delivered: 0
	Page size (bytes): 4096
	Exit status: 0
[2026-06-08 07:18:47] Iteration 1 complete | proof.bin size: 5990358 bytes
--- Iteration 2 of 5 ---
[2026-06-08 07:18:47] Starting iteration 2
warning: profiles for the non root package will be ignored, specify profiles at the workspace root:
package:   /home/kmerrill/zk-barcodes/sp1-pdf417/vendor/rxing/Cargo.toml
workspace: /home/kmerrill/zk-barcodes/sp1-pdf417/Cargo.toml
warning: value assigned to `rs` is never read
   --> vendor/rxing/src/common/cpp_essentials/pattern.rs:695:9
    |
695 |         rs[*mi as usize] -= err as f32;
    |         ^^^^^^^^^^^^^^^^^^^^^^^^^^^^^^
    |
    = help: maybe it is overwritten before being read?
    = note: `#[warn(unused_assignments)]` (part of `#[warn(unused)]`) on by default

warning: hiding a lifetime that's elided elsewhere is confusing
   --> vendor/rxing/src/oned/cpp/one_d_reader.rs:450:23
    |
450 |     pub fn new(hints: &DecodeHints) -> ODReader {
    |                       ^^^^^^^^^^^^     ^^^^^^^^ the same lifetime is hidden here
    |                       |
    |                       the lifetime is elided here
    |
    = help: the same lifetime is referred to in inconsistent ways, making the signature confusing
    = note: `#[warn(mismatched_lifetime_syntaxes)]` on by default
help: use `'_` for type paths
    |
450 |     pub fn new(hints: &DecodeHints) -> ODReader<'_> {
    |                                                ++++

warning: `rxing` (lib) generated 2 warnings (run `cargo fix --lib -p rxing` to apply 1 suggestion)
warning: pdf417-script@0.1.0: rustc +succinct --version: "rustc 1.93.0-dev\n"
warning: pdf417-script@0.1.0: pdf417-program built at 2026-04-20 02:00:15
    Finished `release` profile [optimized] target(s) in 0.46s
     Running `/home/kmerrill/zk-barcodes/sp1-pdf417/target/release/pdf417 --prove --image /home/kmerrill/zk-barcodes/sp1-pdf417/../test-witness/barcode_r3_c3_e1_384x288.png`
[2m2026-06-08T07:18:47.941678Z[0m [32m INFO[0m initializing cpu prover
[2m2026-06-08T07:19:03.739664Z[0m [32m INFO[0m starting proof generation [3mmode[0m[2m=[0mCore
stderr: WARNING: Using insecure random number generator.
[2m2026-06-08T07:21:03.297573Z[0m [32m INFO[0m [1mprove[0m: close [3mtime.busy[0m[2m=[0m5.83ms [3mtime.idle[0m[2m=[0m120s [2m[3mmode[0m[2m=[0mCore[0m
Successfully generated proof!
Successfully verified proof!
Proven barcode text: PDF417
	Command being timed: "cargo run --release -- --prove --image /home/kmerrill/zk-barcodes/sp1-pdf417/../test-witness/barcode_r3_c3_e1_384x288.png"
	User time (seconds): 5667.25
	System time (seconds): 602.88
	Percent of CPU this job got: 4503%
	Elapsed (wall clock) time (h:mm:ss or m:ss): 2:19.22
	Average shared text size (kbytes): 0
	Average unshared data size (kbytes): 0
	Average stack size (kbytes): 0
	Average total size (kbytes): 0
	Maximum resident set size (kbytes): 76934036
	Average resident set size (kbytes): 0
	Major (requiring I/O) page faults: 0
	Minor (reclaiming a frame) page faults: 65402730
	Voluntary context switches: 2677112
	Involuntary context switches: 2265767
	Swaps: 0
	File system inputs: 0
	File system outputs: 12152
	Socket messages sent: 0
	Socket messages received: 0
	Signals delivered: 0
	Page size (bytes): 4096
	Exit status: 0
[2026-06-08 07:21:06] Iteration 2 complete | proof.bin size: 5990358 bytes
--- Iteration 3 of 5 ---
[2026-06-08 07:21:06] Starting iteration 3
warning: profiles for the non root package will be ignored, specify profiles at the workspace root:
package:   /home/kmerrill/zk-barcodes/sp1-pdf417/vendor/rxing/Cargo.toml
workspace: /home/kmerrill/zk-barcodes/sp1-pdf417/Cargo.toml
warning: value assigned to `rs` is never read
   --> vendor/rxing/src/common/cpp_essentials/pattern.rs:695:9
    |
695 |         rs[*mi as usize] -= err as f32;
    |         ^^^^^^^^^^^^^^^^^^^^^^^^^^^^^^
    |
    = help: maybe it is overwritten before being read?
    = note: `#[warn(unused_assignments)]` (part of `#[warn(unused)]`) on by default

warning: hiding a lifetime that's elided elsewhere is confusing
   --> vendor/rxing/src/oned/cpp/one_d_reader.rs:450:23
    |
450 |     pub fn new(hints: &DecodeHints) -> ODReader {
    |                       ^^^^^^^^^^^^     ^^^^^^^^ the same lifetime is hidden here
    |                       |
    |                       the lifetime is elided here
    |
    = help: the same lifetime is referred to in inconsistent ways, making the signature confusing
    = note: `#[warn(mismatched_lifetime_syntaxes)]` on by default
help: use `'_` for type paths
    |
450 |     pub fn new(hints: &DecodeHints) -> ODReader<'_> {
    |                                                ++++

warning: `rxing` (lib) generated 2 warnings (run `cargo fix --lib -p rxing` to apply 1 suggestion)
warning: pdf417-script@0.1.0: rustc +succinct --version: "rustc 1.93.0-dev\n"
warning: pdf417-script@0.1.0: pdf417-program built at 2026-04-20 02:00:15
    Finished `release` profile [optimized] target(s) in 0.31s
     Running `/home/kmerrill/zk-barcodes/sp1-pdf417/target/release/pdf417 --prove --image /home/kmerrill/zk-barcodes/sp1-pdf417/../test-witness/barcode_r3_c3_e1_384x288.png`
[2m2026-06-08T07:21:07.053671Z[0m [32m INFO[0m initializing cpu prover
[2m2026-06-08T07:21:22.901467Z[0m [32m INFO[0m starting proof generation [3mmode[0m[2m=[0mCore
stderr: WARNING: Using insecure random number generator.
[2m2026-06-08T07:23:20.569412Z[0m [32m INFO[0m [1mprove[0m: close [3mtime.busy[0m[2m=[0m7.64ms [3mtime.idle[0m[2m=[0m118s [2m[3mmode[0m[2m=[0mCore[0m
Successfully generated proof!
Successfully verified proof!
Proven barcode text: PDF417
	Command being timed: "cargo run --release -- --prove --image /home/kmerrill/zk-barcodes/sp1-pdf417/../test-witness/barcode_r3_c3_e1_384x288.png"
	User time (seconds): 5594.72
	System time (seconds): 607.32
	Percent of CPU this job got: 4515%
	Elapsed (wall clock) time (h:mm:ss or m:ss): 2:17.35
	Average shared text size (kbytes): 0
	Average unshared data size (kbytes): 0
	Average stack size (kbytes): 0
	Average total size (kbytes): 0
	Maximum resident set size (kbytes): 79946208
	Average resident set size (kbytes): 0
	Major (requiring I/O) page faults: 0
	Minor (reclaiming a frame) page faults: 71034395
	Voluntary context switches: 2689892
	Involuntary context switches: 1992847
	Swaps: 0
	File system inputs: 0
	File system outputs: 11760
	Socket messages sent: 0
	Socket messages received: 0
	Signals delivered: 0
	Page size (bytes): 4096
	Exit status: 0
[2026-06-08 07:23:24] Iteration 3 complete | proof.bin size: 5990358 bytes
--- Iteration 4 of 5 ---
[2026-06-08 07:23:24] Starting iteration 4
warning: profiles for the non root package will be ignored, specify profiles at the workspace root:
package:   /home/kmerrill/zk-barcodes/sp1-pdf417/vendor/rxing/Cargo.toml
workspace: /home/kmerrill/zk-barcodes/sp1-pdf417/Cargo.toml
warning: value assigned to `rs` is never read
   --> vendor/rxing/src/common/cpp_essentials/pattern.rs:695:9
    |
695 |         rs[*mi as usize] -= err as f32;
    |         ^^^^^^^^^^^^^^^^^^^^^^^^^^^^^^
    |
    = help: maybe it is overwritten before being read?
    = note: `#[warn(unused_assignments)]` (part of `#[warn(unused)]`) on by default

warning: hiding a lifetime that's elided elsewhere is confusing
   --> vendor/rxing/src/oned/cpp/one_d_reader.rs:450:23
    |
450 |     pub fn new(hints: &DecodeHints) -> ODReader {
    |                       ^^^^^^^^^^^^     ^^^^^^^^ the same lifetime is hidden here
    |                       |
    |                       the lifetime is elided here
    |
    = help: the same lifetime is referred to in inconsistent ways, making the signature confusing
    = note: `#[warn(mismatched_lifetime_syntaxes)]` on by default
help: use `'_` for type paths
    |
450 |     pub fn new(hints: &DecodeHints) -> ODReader<'_> {
    |                                                ++++

warning: `rxing` (lib) generated 2 warnings (run `cargo fix --lib -p rxing` to apply 1 suggestion)
warning: pdf417-script@0.1.0: rustc +succinct --version: "rustc 1.93.0-dev\n"
warning: pdf417-script@0.1.0: pdf417-program built at 2026-04-20 02:00:15
    Finished `release` profile [optimized] target(s) in 0.31s
     Running `/home/kmerrill/zk-barcodes/sp1-pdf417/target/release/pdf417 --prove --image /home/kmerrill/zk-barcodes/sp1-pdf417/../test-witness/barcode_r3_c3_e1_384x288.png`
[2m2026-06-08T07:23:24.440140Z[0m [32m INFO[0m initializing cpu prover
[2m2026-06-08T07:23:40.258904Z[0m [32m INFO[0m starting proof generation [3mmode[0m[2m=[0mCore
stderr: WARNING: Using insecure random number generator.
[2m2026-06-08T07:25:40.086171Z[0m [32m INFO[0m [1mprove[0m: close [3mtime.busy[0m[2m=[0m8.76ms [3mtime.idle[0m[2m=[0m120s [2m[3mmode[0m[2m=[0mCore[0m
Successfully generated proof!
Successfully verified proof!
Proven barcode text: PDF417
	Command being timed: "cargo run --release -- --prove --image /home/kmerrill/zk-barcodes/sp1-pdf417/../test-witness/barcode_r3_c3_e1_384x288.png"
	User time (seconds): 5611.62
	System time (seconds): 612.81
	Percent of CPU this job got: 4463%
	Elapsed (wall clock) time (h:mm:ss or m:ss): 2:19.45
	Average shared text size (kbytes): 0
	Average unshared data size (kbytes): 0
	Average stack size (kbytes): 0
	Average total size (kbytes): 0
	Maximum resident set size (kbytes): 71145808
	Average resident set size (kbytes): 0
	Major (requiring I/O) page faults: 0
	Minor (reclaiming a frame) page faults: 72819356
	Voluntary context switches: 2627559
	Involuntary context switches: 2114850
	Swaps: 0
	File system inputs: 0
	File system outputs: 11760
	Socket messages sent: 0
	Socket messages received: 0
	Signals delivered: 0
	Page size (bytes): 4096
	Exit status: 0
[2026-06-08 07:25:43] Iteration 4 complete | proof.bin size: 5990358 bytes
--- Iteration 5 of 5 ---
[2026-06-08 07:25:43] Starting iteration 5
warning: profiles for the non root package will be ignored, specify profiles at the workspace root:
package:   /home/kmerrill/zk-barcodes/sp1-pdf417/vendor/rxing/Cargo.toml
workspace: /home/kmerrill/zk-barcodes/sp1-pdf417/Cargo.toml
warning: value assigned to `rs` is never read
   --> vendor/rxing/src/common/cpp_essentials/pattern.rs:695:9
    |
695 |         rs[*mi as usize] -= err as f32;
    |         ^^^^^^^^^^^^^^^^^^^^^^^^^^^^^^
    |
    = help: maybe it is overwritten before being read?
    = note: `#[warn(unused_assignments)]` (part of `#[warn(unused)]`) on by default

warning: hiding a lifetime that's elided elsewhere is confusing
   --> vendor/rxing/src/oned/cpp/one_d_reader.rs:450:23
    |
450 |     pub fn new(hints: &DecodeHints) -> ODReader {
    |                       ^^^^^^^^^^^^     ^^^^^^^^ the same lifetime is hidden here
    |                       |
    |                       the lifetime is elided here
    |
    = help: the same lifetime is referred to in inconsistent ways, making the signature confusing
    = note: `#[warn(mismatched_lifetime_syntaxes)]` on by default
help: use `'_` for type paths
    |
450 |     pub fn new(hints: &DecodeHints) -> ODReader<'_> {
    |                                                ++++

warning: `rxing` (lib) generated 2 warnings (run `cargo fix --lib -p rxing` to apply 1 suggestion)
warning: pdf417-script@0.1.0: rustc +succinct --version: "rustc 1.93.0-dev\n"
warning: pdf417-script@0.1.0: pdf417-program built at 2026-04-20 02:00:15
    Finished `release` profile [optimized] target(s) in 0.48s
     Running `/home/kmerrill/zk-barcodes/sp1-pdf417/target/release/pdf417 --prove --image /home/kmerrill/zk-barcodes/sp1-pdf417/../test-witness/barcode_r3_c3_e1_384x288.png`
[2m2026-06-08T07:25:44.094632Z[0m [32m INFO[0m initializing cpu prover
[2m2026-06-08T07:25:59.785129Z[0m [32m INFO[0m starting proof generation [3mmode[0m[2m=[0mCore
stderr: WARNING: Using insecure random number generator.
[2m2026-06-08T07:27:59.997253Z[0m [32m INFO[0m [1mprove[0m: close [3mtime.busy[0m[2m=[0m7.05ms [3mtime.idle[0m[2m=[0m120s [2m[3mmode[0m[2m=[0mCore[0m
Successfully generated proof!
Successfully verified proof!
Proven barcode text: PDF417
	Command being timed: "cargo run --release -- --prove --image /home/kmerrill/zk-barcodes/sp1-pdf417/../test-witness/barcode_r3_c3_e1_384x288.png"
	User time (seconds): 5630.52
	System time (seconds): 598.83
	Percent of CPU this job got: 4460%
	Elapsed (wall clock) time (h:mm:ss or m:ss): 2:19.64
	Average shared text size (kbytes): 0
	Average unshared data size (kbytes): 0
	Average stack size (kbytes): 0
	Average total size (kbytes): 0
	Maximum resident set size (kbytes): 69665548
	Average resident set size (kbytes): 0
	Major (requiring I/O) page faults: 0
	Minor (reclaiming a frame) page faults: 65826657
	Voluntary context switches: 2677787
	Involuntary context switches: 2251943
	Swaps: 0
	File system inputs: 0
	File system outputs: 12152
	Socket messages sent: 0
	Socket messages received: 0
	Signals delivered: 0
	Page size (bytes): 4096
	Exit status: 0
[2026-06-08 07:28:03] Iteration 5 complete | proof.bin size: 5990358 bytes
